
$ /Applications/KiCad/KiCad.app/Contents/MacOS/kicad-cli pcb drc --refill-zones --save-board --schematic-parity --format json -o /Users/takazudo/repos/circuits/zudo-led-lamp/manufacturing/jlcpcb/2026-09-19/swd-adapter/checks/drc.json /Users/takazudo/repos/circuits/zudo-led-lamp/manufacturing/jlcpcb/2026-09-19/swd-adapter/source/swd-adapter.kicad_pcb
Found 1 violations
Found 0 unconnected items
Found 0 schematic parity issues
Saved DRC Report to /Users/takazudo/repos/circuits/zudo-led-lamp/manufacturing/jlcpcb/2026-09-19/swd-adapter/checks/drc.json
Saved board
Fontconfig error: Cannot load default config file: No such file: (null)

$ /Applications/KiCad/KiCad.app/Contents/MacOS/kicad-cli sch erc --format json -o /Users/takazudo/repos/circuits/zudo-led-lamp/manufacturing/jlcpcb/2026-09-19/swd-adapter/checks/erc.json /Users/takazudo/repos/circuits/zudo-led-lamp/manufacturing/jlcpcb/2026-09-19/swd-adapter/source/swd-adapter.kicad_sch
Found 0 violations
Saved ERC Report to /Users/takazudo/repos/circuits/zudo-led-lamp/manufacturing/jlcpcb/2026-09-19/swd-adapter/checks/erc.json
Fontconfig error: Cannot load default config file: No such file: (null)

$ /Applications/KiCad/KiCad.app/Contents/MacOS/kicad-cli sch export netlist --format kicadsexpr -o /Users/takazudo/repos/circuits/zudo-led-lamp/manufacturing/jlcpcb/2026-09-19/swd-adapter/raw/swd-adapter.net /Users/takazudo/repos/circuits/zudo-led-lamp/manufacturing/jlcpcb/2026-09-19/swd-adapter/source/swd-adapter.kicad_sch
Fontconfig error: Cannot load default config file: No such file: (null)

$ /opt/homebrew/opt/python@3.14/bin/python3.14 /Users/takazudo/repos/circuits/zudo-led-lamp/scripts/schgen/verify_netlist.py swd_adapter_spec /Users/takazudo/repos/circuits/zudo-led-lamp/manufacturing/jlcpcb/2026-09-19/swd-adapter/raw/swd-adapter.net
PASS: 9 nets, 25 nodes (5 expected nets + 4 unconnected)

$ /Applications/KiCad/KiCad.app/Contents/MacOS/kicad-cli pcb export gerbers -l F.Cu,B.Cu,F.Mask,B.Mask,F.Silkscreen,B.Silkscreen,Edge.Cuts,F.Paste,B.Paste --use-drill-file-origin --subtract-soldermask -o /Users/takazudo/repos/circuits/zudo-led-lamp/manufacturing/jlcpcb/2026-09-19/swd-adapter/gerbers /Users/takazudo/repos/circuits/zudo-led-lamp/manufacturing/jlcpcb/2026-09-19/swd-adapter/source/swd-adapter.kicad_pcb
Plotted to '/Users/takazudo/repos/circuits/zudo-led-lamp/manufacturing/jlcpcb/2026-09-19/swd-adapter/gerbers/swd-adapter-F_Cu.gtl'.
Plotted to '/Users/takazudo/repos/circuits/zudo-led-lamp/manufacturing/jlcpcb/2026-09-19/swd-adapter/gerbers/swd-adapter-B_Cu.gbl'.
Plotted to '/Users/takazudo/repos/circuits/zudo-led-lamp/manufacturing/jlcpcb/2026-09-19/swd-adapter/gerbers/swd-adapter-F_Paste.gtp'.
Plotted to '/Users/takazudo/repos/circuits/zudo-led-lamp/manufacturing/jlcpcb/2026-09-19/swd-adapter/gerbers/swd-adapter-B_Paste.gbp'.
Plotted to '/Users/takazudo/repos/circuits/zudo-led-lamp/manufacturing/jlcpcb/2026-09-19/swd-adapter/gerbers/swd-adapter-F_Silkscreen.gto'.
Plotted to '/Users/takazudo/repos/circuits/zudo-led-lamp/manufacturing/jlcpcb/2026-09-19/swd-adapter/gerbers/swd-adapter-B_Silkscreen.gbo'.
Plotted to '/Users/takazudo/repos/circuits/zudo-led-lamp/manufacturing/jlcpcb/2026-09-19/swd-adapter/gerbers/swd-adapter-F_Mask.gts'.
Plotted to '/Users/takazudo/repos/circuits/zudo-led-lamp/manufacturing/jlcpcb/2026-09-19/swd-adapter/gerbers/swd-adapter-B_Mask.gbs'.
Plotted to '/Users/takazudo/repos/circuits/zudo-led-lamp/manufacturing/jlcpcb/2026-09-19/swd-adapter/gerbers/swd-adapter-Edge_Cuts.gm1'.

$ /Applications/KiCad/KiCad.app/Contents/MacOS/kicad-cli pcb export drill --format excellon --drill-origin plot --excellon-units mm --excellon-separate-th --excellon-oval-format route -o /Users/takazudo/repos/circuits/zudo-led-lamp/manufacturing/jlcpcb/2026-09-19/swd-adapter/gerbers /Users/takazudo/repos/circuits/zudo-led-lamp/manufacturing/jlcpcb/2026-09-19/swd-adapter/source/swd-adapter.kicad_pcb
Created file '/Users/takazudo/repos/circuits/zudo-led-lamp/manufacturing/jlcpcb/2026-09-19/swd-adapter/gerbers/swd-adapter-PTH.drl'
Created file '/Users/takazudo/repos/circuits/zudo-led-lamp/manufacturing/jlcpcb/2026-09-19/swd-adapter/gerbers/swd-adapter-NPTH.drl'
Done.

$ /Applications/KiCad/KiCad.app/Contents/MacOS/kicad-cli pcb export pos --format csv --units mm --use-drill-file-origin --exclude-dnp -o /Users/takazudo/repos/circuits/zudo-led-lamp/manufacturing/jlcpcb/2026-09-19/swd-adapter/raw/positions.csv /Users/takazudo/repos/circuits/zudo-led-lamp/manufacturing/jlcpcb/2026-09-19/swd-adapter/source/swd-adapter.kicad_pcb
Wrote position data to '/Users/takazudo/repos/circuits/zudo-led-lamp/manufacturing/jlcpcb/2026-09-19/swd-adapter/raw/positions.csv'.

$ /Applications/KiCad/KiCad.app/Contents/MacOS/kicad-cli pcb export svg --mode-single --fit-page-to-board --exclude-drawing-sheet --sketch-pads-on-fab-layers -l F.Cu,F.Fab,F.Silkscreen,Edge.Cuts -o /Users/takazudo/repos/circuits/zudo-led-lamp/manufacturing/jlcpcb/2026-09-19/swd-adapter/assembly-top.svg /Users/takazudo/repos/circuits/zudo-led-lamp/manufacturing/jlcpcb/2026-09-19/swd-adapter/source/swd-adapter.kicad_pcb
Plotted to '/Users/takazudo/repos/circuits/zudo-led-lamp/manufacturing/jlcpcb/2026-09-19/swd-adapter/assembly-top.svg'.
Done.

$ /Applications/KiCad/KiCad.app/Contents/MacOS/kicad-cli pcb export svg --mode-single --fit-page-to-board --exclude-drawing-sheet --sketch-pads-on-fab-layers -l B.Cu,B.Fab,B.Silkscreen,Edge.Cuts -o /Users/takazudo/repos/circuits/zudo-led-lamp/manufacturing/jlcpcb/2026-09-19/swd-adapter/assembly-bottom.svg --mirror /Users/takazudo/repos/circuits/zudo-led-lamp/manufacturing/jlcpcb/2026-09-19/swd-adapter/source/swd-adapter.kicad_pcb
Plotted to '/Users/takazudo/repos/circuits/zudo-led-lamp/manufacturing/jlcpcb/2026-09-19/swd-adapter/assembly-bottom.svg'.
Done.
